C:/TouchGFXProjects/MyApplication_3/Middlewares/lvgl/src/draw/sw/../../misc/lv_color.h:375:24:lv_color_to32	8	static
C:/TouchGFXProjects/MyApplication_3/Middlewares/lvgl/src/draw/sw/lv_draw_sw_gradient.c:110:17:find_oldest_item_life	0	static
C:/TouchGFXProjects/MyApplication_3/Middlewares/lvgl/src/draw/sw/lv_draw_sw_gradient.c:151:17:find_item	0	static
C:/TouchGFXProjects/MyApplication_3/Middlewares/lvgl/src/draw/sw/lv_draw_sw_gradient.c:97:17:iterate_cache	40	static
C:/TouchGFXProjects/MyApplication_3/Middlewares/lvgl/src/draw/sw/lv_draw_sw_gradient.c:140:17:kill_oldest_item	32	static
C:/TouchGFXProjects/MyApplication_3/Middlewares/lvgl/src/draw/sw/lv_draw_sw_gradient.c:235:6:lv_gradient_free_cache	8	static
C:/TouchGFXProjects/MyApplication_3/Middlewares/lvgl/src/draw/sw/lv_draw_sw_gradient.c:242:6:lv_gradient_set_cache_size	32	static
C:/TouchGFXProjects/MyApplication_3/Middlewares/lvgl/src/draw/sw/lv_draw_sw_gradient.c:296:39:lv_gradient_calculate	32	static
C:/TouchGFXProjects/MyApplication_3/Middlewares/lvgl/src/draw/sw/lv_draw_sw_gradient.c:251:13:lv_gradient_get	80	static
C:/TouchGFXProjects/MyApplication_3/Middlewares/lvgl/src/draw/sw/lv_draw_sw_gradient.c:341:6:lv_gradient_cleanup	0	static
