Screen.hpp:104:18:virtual void touchgfx::Screen::afterTransition()	0	static
Screen.hpp:154:18:virtual void touchgfx::Screen::handleKeyEvent(uint8_t)	0	static
SvgView.cpp:28:6:virtual void SvgView::tearDownScreen()	0	static
SvgView.hpp:11:13:SvgView::~SvgView()	8	static
SvgView.hpp:11:13:virtual SvgView::~SvgView()	8	static
Drawable.hpp:343:10:void touchgfx::Drawable::setXY(int16_t, int16_t)	16	static
Image.hpp:118:18:virtual void touchgfx::Image::invalidateContent() const	0	static
SvgView.cpp:5:1:SvgView::SvgView()	8	static
SvgView.cpp:106:6:void SvgView::iconEntranceAnimationEnd()	0	static
SvgView.cpp:111:6:void SvgView::iconCircleMoveAnimationInit()	0	static
SvgView.cpp:142:6:void SvgView::iconCircleMoveAnimationEnd()	0	static
SvgView.cpp:147:6:void SvgView::dogAnimationInit()	0	static
SvgView.cpp:193:6:void SvgView::paletteAnimationInit()	0	static
SvgView.cpp:243:6:void SvgView::cameraAnimationInit()	0	static
SvgView.cpp:317:6:void SvgView::changeState(SvgView::statemachineStep_enum)	0	static
SvgView.cpp:322:6:bool SvgView::circleMovement(touchgfx::MoveAnimator<touchgfx::SVGImage>&, int16_t&, float, float)	48	static
SvgView.cpp:116:6:void SvgView::iconCircleMoveAnimation()	16	static
MoveAnimator.hpp:177:10:void touchgfx::MoveAnimator<T>::nextMoveAnimationStep() [with T = touchgfx::SVGImage]	24	static
MoveAnimator.hpp:131:10:void touchgfx::MoveAnimator<T>::startMoveAnimation(int16_t, int16_t, uint16_t, touchgfx::EasingEquation, touchgfx::EasingEquation) [with T = touchgfx::SVGImage]	24	static
SvgView.cpp:97:6:void SvgView::iconEntranceAnimation()	32	static
SvgView.cpp:20:6:virtual void SvgView::setupScreen()	8	static
SvgView.cpp:33:6:void SvgView::introScaleOutAnimationInit()	16	static
SvgView.cpp:46:6:void SvgView::introScaleOutAnimation()	32	static
SvgView.cpp:64:6:void SvgView::introScaleOutAnimationEnd()	16	static
SvgView.cpp:75:6:void SvgView::iconEntranceAnimationInit()	24	static
SvgView.cpp:151:6:void SvgView::dogAnimation()	32	static
SvgView.cpp:186:6:void SvgView::dogAnimationEnd()	8	static
SvgView.cpp:200:6:void SvgView::paletteAnimation()	16	static
SvgView.cpp:235:6:void SvgView::paletteAnimationEnd()	8	static
SvgView.cpp:251:6:void SvgView::cameraAnimation()	24	static
SvgView.cpp:347:6:void SvgView::reinitDefaultValues()	24	static
SvgView.cpp:307:6:void SvgView::cameraAnimationEnd()	8	static
SvgView.cpp:382:6:void SvgView::stateMachine()	0	static
SvgView.cpp:375:6:virtual void SvgView::handleTickEvent()	0	static
