C:/TouchGFXProjects/MyApplication_3/Middlewares/lvgl/src/extra/widgets/tabview/lv_tabview.c:266:13:lv_tabview_destructor	16	static
C:/TouchGFXProjects/MyApplication_3/Middlewares/lvgl/src/extra/widgets/tabview/lv_tabview.c:196:13:lv_tabview_constructor	16	static
C:/TouchGFXProjects/MyApplication_3/Middlewares/lvgl/src/extra/widgets/tabview/lv_tabview.c:56:12:lv_tabview_create	8	static
C:/TouchGFXProjects/MyApplication_3/Middlewares/lvgl/src/extra/widgets/tabview/lv_tabview.c:124:6:lv_tabview_rename_tab	24	static
C:/TouchGFXProjects/MyApplication_3/Middlewares/lvgl/src/extra/widgets/tabview/lv_tabview.c:175:10:lv_tabview_get_tab_act	0	static
C:/TouchGFXProjects/MyApplication_3/Middlewares/lvgl/src/extra/widgets/tabview/lv_tabview.c:182:12:lv_tabview_get_content	0	static
C:/TouchGFXProjects/MyApplication_3/Middlewares/lvgl/src/extra/widgets/tabview/lv_tabview.c:187:12:lv_tabview_get_tab_btns	0	static
C:/TouchGFXProjects/MyApplication_3/Middlewares/lvgl/src/extra/widgets/tabview/lv_tabview.c:138:6:lv_tabview_set_act	32	static
C:/TouchGFXProjects/MyApplication_3/Middlewares/lvgl/src/extra/widgets/tabview/lv_tabview.c:290:13:lv_tabview_event	16	static
C:/TouchGFXProjects/MyApplication_3/Middlewares/lvgl/src/extra/widgets/tabview/lv_tabview.c:314:13:cont_scroll_end_event_cb	24	static
C:/TouchGFXProjects/MyApplication_3/Middlewares/lvgl/src/extra/widgets/tabview/lv_tabview.c:305:13:btns_value_changed_event_cb	16	static
C:/TouchGFXProjects/MyApplication_3/Middlewares/lvgl/src/extra/widgets/tabview/lv_tabview.c:67:12:lv_tabview_add_tab	48	static
