C:/TouchGFXProjects/MyApplication_3/Drivers/STM32U5xx_HAL_Driver/Src/stm32u5xx_hal_jpeg.c:2546:26:JPEG_Bits_To_SizeCodes	20	static
C:/TouchGFXProjects/MyApplication_3/Drivers/STM32U5xx_HAL_Driver/Src/stm32u5xx_hal_jpeg.c:2671:26:JPEG_DCHuff_BitsVals_To_SizeCodes	1320	static
C:/TouchGFXProjects/MyApplication_3/Drivers/STM32U5xx_HAL_Driver/Src/stm32u5xx_hal_jpeg.c:2716:26:JPEG_Set_HuffDC_Mem	88	static
C:/TouchGFXProjects/MyApplication_3/Drivers/STM32U5xx_HAL_Driver/Src/stm32u5xx_hal_jpeg.c:2779:26:JPEG_Set_HuffAC_Mem	2128	static
C:/TouchGFXProjects/MyApplication_3/Drivers/STM32U5xx_HAL_Driver/Src/stm32u5xx_hal_jpeg.c:3095:17:JPEG_Set_Quantization_Mem	24	static
C:/TouchGFXProjects/MyApplication_3/Drivers/STM32U5xx_HAL_Driver/Src/stm32u5xx_hal_jpeg.c:3311:13:JPEG_Init_Process	0	static
C:/TouchGFXProjects/MyApplication_3/Drivers/STM32U5xx_HAL_Driver/Src/stm32u5xx_hal_jpeg.c:3697:26:JPEG_DMA_StartProcess	24	static
C:/TouchGFXProjects/MyApplication_3/Drivers/STM32U5xx_HAL_Driver/Src/stm32u5xx_hal_jpeg.c:689:13:HAL_JPEG_MspInit	0	static
C:/TouchGFXProjects/MyApplication_3/Drivers/STM32U5xx_HAL_Driver/Src/stm32u5xx_hal_jpeg.c:512:19:HAL_JPEG_Init	24	static
C:/TouchGFXProjects/MyApplication_3/Drivers/STM32U5xx_HAL_Driver/Src/stm32u5xx_hal_jpeg.c:705:13:HAL_JPEG_MspDeInit	0	static
C:/TouchGFXProjects/MyApplication_3/Drivers/STM32U5xx_HAL_Driver/Src/stm32u5xx_hal_jpeg.c:638:19:HAL_JPEG_DeInit	8	static
C:/TouchGFXProjects/MyApplication_3/Drivers/STM32U5xx_HAL_Driver/Src/stm32u5xx_hal_jpeg.c:1129:19:HAL_JPEG_ConfigEncoding	24	static
C:/TouchGFXProjects/MyApplication_3/Drivers/STM32U5xx_HAL_Driver/Src/stm32u5xx_hal_jpeg.c:1319:19:HAL_JPEG_GetInfo	36	static
C:/TouchGFXProjects/MyApplication_3/Drivers/STM32U5xx_HAL_Driver/Src/stm32u5xx_hal_jpeg.c:1392:19:HAL_JPEG_EnableHeaderParsing	0	static
C:/TouchGFXProjects/MyApplication_3/Drivers/STM32U5xx_HAL_Driver/Src/stm32u5xx_hal_jpeg.c:1428:19:HAL_JPEG_DisableHeaderParsing	0	static
C:/TouchGFXProjects/MyApplication_3/Drivers/STM32U5xx_HAL_Driver/Src/stm32u5xx_hal_jpeg.c:1475:20:HAL_JPEG_SetUserQuantTables	12	static
C:/TouchGFXProjects/MyApplication_3/Drivers/STM32U5xx_HAL_Driver/Src/stm32u5xx_hal_jpeg.c:1752:20:HAL_JPEG_Encode_IT	16	static
C:/TouchGFXProjects/MyApplication_3/Drivers/STM32U5xx_HAL_Driver/Src/stm32u5xx_hal_jpeg.c:1824:20:HAL_JPEG_Decode_IT	16	static
C:/TouchGFXProjects/MyApplication_3/Drivers/STM32U5xx_HAL_Driver/Src/stm32u5xx_hal_jpeg.c:1886:20:HAL_JPEG_Encode_DMA	16	static
C:/TouchGFXProjects/MyApplication_3/Drivers/STM32U5xx_HAL_Driver/Src/stm32u5xx_hal_jpeg.c:1967:20:HAL_JPEG_Decode_DMA	16	static
C:/TouchGFXProjects/MyApplication_3/Drivers/STM32U5xx_HAL_Driver/Src/stm32u5xx_hal_jpeg.c:2037:20:HAL_JPEG_Pause	0	static
C:/TouchGFXProjects/MyApplication_3/Drivers/STM32U5xx_HAL_Driver/Src/stm32u5xx_hal_jpeg.c:2187:6:HAL_JPEG_ConfigInputBuffer	0	static
C:/TouchGFXProjects/MyApplication_3/Drivers/STM32U5xx_HAL_Driver/Src/stm32u5xx_hal_jpeg.c:2201:6:HAL_JPEG_ConfigOutputBuffer	0	static
C:/TouchGFXProjects/MyApplication_3/Drivers/STM32U5xx_HAL_Driver/Src/stm32u5xx_hal_jpeg.c:2213:19:HAL_JPEG_Abort	16	static
C:/TouchGFXProjects/MyApplication_3/Drivers/STM32U5xx_HAL_Driver/Src/stm32u5xx_hal_jpeg.c:2335:13:HAL_JPEG_InfoReadyCallback	0	static
C:/TouchGFXProjects/MyApplication_3/Drivers/STM32U5xx_HAL_Driver/Src/stm32u5xx_hal_jpeg.c:2352:13:HAL_JPEG_EncodeCpltCallback	0	static
C:/TouchGFXProjects/MyApplication_3/Drivers/STM32U5xx_HAL_Driver/Src/stm32u5xx_hal_jpeg.c:2368:13:HAL_JPEG_DecodeCpltCallback	0	static
C:/TouchGFXProjects/MyApplication_3/Drivers/STM32U5xx_HAL_Driver/Src/stm32u5xx_hal_jpeg.c:2384:13:HAL_JPEG_ErrorCallback	0	static
C:/TouchGFXProjects/MyApplication_3/Drivers/STM32U5xx_HAL_Driver/Src/stm32u5xx_hal_jpeg.c:4175:13:JPEG_DMAErrorCallback	8	static
C:/TouchGFXProjects/MyApplication_3/Drivers/STM32U5xx_HAL_Driver/Src/stm32u5xx_hal_jpeg.c:2401:13:HAL_JPEG_GetDataCallback	0	static
C:/TouchGFXProjects/MyApplication_3/Drivers/STM32U5xx_HAL_Driver/Src/stm32u5xx_hal_jpeg.c:3608:13:JPEG_ReadInputData	24	static
C:/TouchGFXProjects/MyApplication_3/Drivers/STM32U5xx_HAL_Driver/Src/stm32u5xx_hal_jpeg.c:4063:13:JPEG_DMAInCpltCallback	16	static
C:/TouchGFXProjects/MyApplication_3/Drivers/STM32U5xx_HAL_Driver/Src/stm32u5xx_hal_jpeg.c:2420:13:HAL_JPEG_DataReadyCallback	0	static
C:/TouchGFXProjects/MyApplication_3/Drivers/STM32U5xx_HAL_Driver/Src/stm32u5xx_hal_jpeg.c:3514:13:JPEG_StoreOutputData	24	static
C:/TouchGFXProjects/MyApplication_3/Drivers/STM32U5xx_HAL_Driver/Src/stm32u5xx_hal_jpeg.c:3368:17:JPEG_Process	8	static
C:/TouchGFXProjects/MyApplication_3/Drivers/STM32U5xx_HAL_Driver/Src/stm32u5xx_hal_jpeg.c:1550:20:HAL_JPEG_Encode	32	static
C:/TouchGFXProjects/MyApplication_3/Drivers/STM32U5xx_HAL_Driver/Src/stm32u5xx_hal_jpeg.c:1656:20:HAL_JPEG_Decode	32	static
C:/TouchGFXProjects/MyApplication_3/Drivers/STM32U5xx_HAL_Driver/Src/stm32u5xx_hal_jpeg.c:3974:13:JPEG_DMA_PollResidualData	16	static
C:/TouchGFXProjects/MyApplication_3/Drivers/STM32U5xx_HAL_Driver/Src/stm32u5xx_hal_jpeg.c:2093:20:HAL_JPEG_Resume	16	static
C:/TouchGFXProjects/MyApplication_3/Drivers/STM32U5xx_HAL_Driver/Src/stm32u5xx_hal_jpeg.c:3894:13:JPEG_DMA_EndProcess	16	static
C:/TouchGFXProjects/MyApplication_3/Drivers/STM32U5xx_HAL_Driver/Src/stm32u5xx_hal_jpeg.c:4205:13:JPEG_DMAOutAbortCallback	0	static
C:/TouchGFXProjects/MyApplication_3/Drivers/STM32U5xx_HAL_Driver/Src/stm32u5xx_hal_jpeg.c:4123:13:JPEG_DMAOutCpltCallback	16	static
C:/TouchGFXProjects/MyApplication_3/Drivers/STM32U5xx_HAL_Driver/Src/stm32u5xx_hal_jpeg.c:2457:6:HAL_JPEG_IRQHandler	8	static
C:/TouchGFXProjects/MyApplication_3/Drivers/STM32U5xx_HAL_Driver/Src/stm32u5xx_hal_jpeg.c:2509:23:HAL_JPEG_GetState	0	static
C:/TouchGFXProjects/MyApplication_3/Drivers/STM32U5xx_HAL_Driver/Src/stm32u5xx_hal_jpeg.c:2520:10:HAL_JPEG_GetError	0	static
