DMA.hpp:138:18:virtual void touchgfx::DMA_Interface::flush()	0	static
STM32DMA.hpp:97:31:virtual touchgfx::DMAType STM32DMA::getDMAType()	0	static
STM32DMA.cpp:45:17:void DMA2D_XferErrorCallback(DMA2D_HandleTypeDef*)	0	static
STM32DMA.cpp:67:6:virtual void STM32DMA::initialize()	8	static
STM32DMA.cpp:152:16:virtual touchgfx::BlitOperations STM32DMA::getBlitCaps()	0	static
STM32DMA.cpp:39:17:void DMA2D_XferCpltCallback(DMA2D_HandleTypeDef*)	0	static
STM32DMA.cpp:84:17:uint32_t STM32DMA::getChromARTInputFormat(touchgfx::Bitmap::BitmapFormat)	8	static
STM32DMA.cpp:119:17:uint32_t STM32DMA::getChromARTOutputFormat(touchgfx::Bitmap::BitmapFormat)	8	static
STM32DMA.cpp:175:6:virtual void STM32DMA::setupDataCopy(const touchgfx::BlitOp&)	24	static
STM32DMA.cpp:342:6:virtual void STM32DMA::setupDataFill(const touchgfx::BlitOp&)	8	static
STM32DMA.cpp:61:1:STM32DMA::~STM32DMA()	0	static
STM32DMA.cpp:61:1:virtual STM32DMA::~STM32DMA()	8	static
STM32DMA.hpp:219:10:void STM32DMA::externalJobExecute()	0	static
STM32DMA.hpp:133:18:virtual void STM32DMA::signalDMAInterrupt()	8	static
STM32DMA.hpp:159:18:virtual void STM32DMA::start()	8	static
STM32DMA.cpp:55:1:STM32DMA::STM32DMA()	16	static
STM32DMA.cpp:410:6:void touchgfx::paint::setL8Palette(const uint8_t*)	0	static
STM32DMA.cpp:421:6:void touchgfx::paint::tearDown()	0	static
STM32DMA.cpp:434:6:void touchgfx::paint::flushLine(uint32_t*, int)	0	static
STM32DMA.cpp:446:6:void touchgfx::paint::rgb565::lineFromColor(uint16_t*, unsigned int, uint32_t, uint8_t, uint32_t)	12	static
STM32DMA.cpp:496:6:void touchgfx::paint::rgb565::lineFromRGB565(uint16_t*, const uint16_t*, unsigned int, uint8_t)	12	static
STM32DMA.cpp:540:6:void touchgfx::paint::rgb565::lineFromARGB8888(uint16_t*, const uint32_t*, unsigned int, uint8_t)	12	static
STM32DMA.cpp:573:6:void touchgfx::paint::rgb565::lineFromL8RGB888(uint16_t*, const uint8_t*, unsigned int, uint8_t)	16	static
STM32DMA.cpp:638:6:void touchgfx::paint::rgb565::lineFromL8ARGB8888(uint16_t*, const uint8_t*, unsigned int, uint8_t)	12	static
STM32DMA.cpp:704:6:void touchgfx::paint::rgb888::lineFromColor(uint8_t*, unsigned int, uint32_t, uint8_t)	12	static
STM32DMA.cpp:754:6:void touchgfx::paint::rgb888::lineFromRGB888(uint8_t*, const uint8_t*, unsigned int, uint8_t)	12	static
STM32DMA.cpp:798:6:void touchgfx::paint::rgb888::lineFromARGB8888(uint8_t*, const uint32_t*, unsigned int, uint8_t)	12	static
STM32DMA.cpp:830:6:void touchgfx::paint::rgb888::lineFromL8RGB888(uint8_t*, const uint8_t*, unsigned int, uint8_t)	16	static
STM32DMA.cpp:895:6:void touchgfx::paint::rgb888::lineFromL8ARGB8888(uint8_t*, const uint8_t*, unsigned int, uint8_t)	12	static
STM32DMA.cpp:961:6:void touchgfx::paint::argb8888::lineFromColor(uint32_t*, int16_t, uint32_t, uint8_t)	16	static
STM32DMA.cpp:1011:6:void touchgfx::paint::argb8888::lineFromRGB888(uint8_t*, const uint8_t*, int16_t, uint8_t)	16	static
STM32DMA.cpp:1055:6:void touchgfx::paint::argb8888::lineFromRGB565(uint8_t*, const uint16_t*, int16_t, uint8_t)	16	static
STM32DMA.cpp:1099:6:void touchgfx::paint::argb8888::lineFromARGB8888(uint8_t*, const uint32_t*, int16_t, uint8_t)	16	static
STM32DMA.cpp:1140:6:void touchgfx::paint::argb8888::lineFromL8RGB888(uint8_t*, const uint8_t*, int16_t, uint8_t)	16	static
STM32DMA.cpp:1205:6:void touchgfx::paint::argb8888::lineFromL8ARGB8888(uint8_t*, const uint8_t*, int16_t, uint8_t)	12	static
