Screen.hpp:104:18:virtual void touchgfx::Screen::afterTransition()	0	static
Screen.hpp:115:18:virtual void touchgfx::Screen::tearDownScreen()	0	static
Screen.hpp:154:18:virtual void touchgfx::Screen::handleKeyEvent(uint8_t)	0	static
CompassViewBase.hpp:26:18:virtual void CompassViewBase::goToMain()	0	static
CompassView.cpp:79:6:virtual void CompassView::handleGestureEvent(const touchgfx::GestureEvent&)	0	static
CompassView.cpp:51:6:virtual void CompassView::handleDragEvent(const touchgfx::DragEvent&)	48	static
CompassView.hpp:22:13:CompassView::~CompassView()	16	static
CompassView.hpp:22:13:virtual CompassView::~CompassView()	8	static
basic_string.h:509:7:std::__cxx11::basic_string<_CharT, _Traits, _Alloc>::basic_string(const _CharT*, const _Alloc&) [with _CharT = char; _Traits = std::char_traits<char>; _Alloc = std::allocator<char>]	24	static
CompassView.cpp:26:9:int32_t CompassView::computeRangeIndex(float)	0	static
CompassView.cpp:31:1:CompassView::CompassView()	16	static
CompassView.cpp:138:6:bool CompassView::Wheel::update(float)	0	static
CompassView.cpp:93:6:void CompassView::updateView()	16	static
CompassView.cpp:43:6:virtual void CompassView::setupScreen()	8	static
CompassView.cpp:86:6:virtual void CompassView::handleTickEvent()	8	static
