../../Middlewares/ST/touchgfx/framework/include/touchgfx/hal/HAL.hpp:124:18:virtual void touchgfx::HAL::setDisplayOrientation(touchgfx::DisplayOrientation)	0	static
../../Middlewares/ST/touchgfx/framework/include/touchgfx/hal/HAL.hpp:670:18:virtual bool touchgfx::HAL::sampleKey(uint8_t&)	0	static
../../Middlewares/ST/touchgfx/framework/include/touchgfx/hal/HAL.hpp:737:18:virtual void touchgfx::HAL::setAnimationStorage(void*)	0	static
../../Middlewares/ST/touchgfx/framework/include/touchgfx/hal/HAL.hpp:876:30:virtual touchgfx::FlashDataReader* touchgfx::HAL::getFlashDataReader() const	0	static
../../Middlewares/ST/touchgfx/framework/include/touchgfx/hal/HAL.hpp:1025:18:virtual void touchgfx::HAL::taskDelay(uint16_t)	0	static
../../Middlewares/ST/touchgfx/framework/include/touchgfx/hal/HAL.hpp:1052:22:virtual uint16_t touchgfx::HAL::getTFTCurrentLine()	0	static
../../Middlewares/ST/touchgfx/framework/include/touchgfx/hal/HAL.hpp:1063:21:virtual touchgfx::DMAType touchgfx::HAL::getDMAType()	0	static
../../Middlewares/ST/touchgfx/framework/include/touchgfx/hal/HAL.hpp:1189:18:virtual void touchgfx::HAL::InvalidateCache()	0	static
../../Middlewares/ST/touchgfx/framework/include/touchgfx/hal/HAL.hpp:1199:18:virtual void touchgfx::HAL::FlushCache()	0	static
C:/TouchGFXProjects/MyApplication_3/TouchGFX/Target/generated/TouchGFXGeneratedHAL.cpp:47:32:void __tcf_1()	0	static
C:/TouchGFXProjects/MyApplication_3/TouchGFX/Target/generated/TouchGFXGeneratedHAL.cpp:84:6:virtual void TouchGFXGeneratedHAL::configureInterrupts()	0	static
C:/TouchGFXProjects/MyApplication_3/TouchGFX/Target/generated/TouchGFXGeneratedHAL.cpp:105:6:virtual void TouchGFXGeneratedHAL::enableLCDControllerInterrupt()	0	static
C:/TouchGFXProjects/MyApplication_3/TouchGFX/Target/generated/TouchGFXGeneratedHAL.cpp:126:11:virtual uint16_t* TouchGFXGeneratedHAL::getTFTFrameBuffer() const	0	static
C:/TouchGFXProjects/MyApplication_3/TouchGFX/Target/generated/TouchGFXGeneratedHAL.cpp:131:6:virtual void TouchGFXGeneratedHAL::setTFTFrameBuffer(uint16_t*)	0	static
../../TouchGFX/Target/generated/DirectFrameBufferVideoController.hpp:31:7:DirectFrameBufferVideoController<1, touchgfx::Bitmap::RGB888>::~DirectFrameBufferVideoController()	0	static
../../TouchGFX/Target/generated/TouchGFXGeneratedHAL.hpp:30:7:TouchGFXGeneratedHAL::~TouchGFXGeneratedHAL()	0	static
../../TouchGFX/Target/generated/DirectFrameBufferVideoController.hpp:57:18:void DirectFrameBufferVideoController<no_streams, output_format>::unregisterVideoWidget(touchgfx::VideoController::Handle) [with long unsigned int no_streams = 1; touchgfx::Bitmap::BitmapFormat output_format = touchgfx::Bitmap::RGB888]	0	static
../../TouchGFX/Target/generated/DirectFrameBufferVideoController.hpp:295:18:void DirectFrameBufferVideoController<no_streams, output_format>::setVideoFrameRateCompensation(bool) [with long unsigned int no_streams = 1; touchgfx::Bitmap::BitmapFormat output_format = touchgfx::Bitmap::RGB888]	0	static
../../TouchGFX/Target/generated/TouchGFXGeneratedHAL.hpp:30:7:virtual TouchGFXGeneratedHAL::~TouchGFXGeneratedHAL()	8	static
../../TouchGFX/Target/generated/DirectFrameBufferVideoController.hpp:31:7:virtual DirectFrameBufferVideoController<1, touchgfx::Bitmap::RGB888>::~DirectFrameBufferVideoController()	8	static
C:/TouchGFXProjects/MyApplication_3/TouchGFX/Target/generated/TouchGFXGeneratedHAL.cpp:67:6:virtual void TouchGFXGeneratedHAL::initialize()	16	static
../../TouchGFX/Target/generated/DirectFrameBufferVideoController.hpp:167:18:bool DirectFrameBufferVideoController<no_streams, output_format>::updateFrame(touchgfx::VideoController::Handle, touchgfx::VideoWidget&) [with long unsigned int no_streams = 1; touchgfx::Bitmap::BitmapFormat output_format = touchgfx::Bitmap::RGB888]	24	static
C:/TouchGFXProjects/MyApplication_3/TouchGFX/Target/generated/TouchGFXGeneratedHAL.cpp:116:6:virtual bool TouchGFXGeneratedHAL::beginFrame()	0	static
C:/TouchGFXProjects/MyApplication_3/TouchGFX/Target/generated/TouchGFXGeneratedHAL.cpp:121:6:virtual void TouchGFXGeneratedHAL::endFrame()	0	static
C:/TouchGFXProjects/MyApplication_3/TouchGFX/Target/generated/TouchGFXGeneratedHAL.cpp:139:6:virtual void TouchGFXGeneratedHAL::flushFrameBuffer(const touchgfx::Rect&)	0	static
C:/TouchGFXProjects/MyApplication_3/TouchGFX/Target/generated/TouchGFXGeneratedHAL.cpp:144:6:virtual bool TouchGFXGeneratedHAL::blockCopy(void*, const void*, uint32_t)	0	static
../../Middlewares/ST/touchgfx/framework/include/touchgfx/hal/HAL.hpp:638:18:virtual void touchgfx::HAL::backPorchExited()	8	static
../../TouchGFX/Target/generated/TouchGFXGeneratedHAL.hpp:119:18:virtual void TouchGFXGeneratedHAL::unlockFrameBuffer()	0	static
../../TouchGFX/Target/generated/TouchGFXGeneratedHAL.hpp:106:18:virtual void TouchGFXGeneratedHAL::flushFrameBuffer()	0	static
../../Middlewares/ST/touchgfx/framework/include/touchgfx/hal/HAL.hpp:1162:18:virtual void touchgfx::HAL::performDisplayOrientationChange()	8	static
../../Middlewares/ST/touchgfx/framework/include/touchgfx/hal/HAL.hpp:720:18:virtual void touchgfx::HAL::setFrameBufferStartAddresses(void*, void*, void*)	16	static
../../Middlewares/ST/touchgfx/framework/include/touchgfx/hal/HAL.hpp:156:18:virtual void touchgfx::HAL::setFrameBufferSize(uint16_t, uint16_t)	8	static
../../TouchGFX/Target/generated/DirectFrameBufferVideoController.hpp:288:18:bool DirectFrameBufferVideoController<no_streams, output_format>::getIsPlaying(touchgfx::VideoController::Handle) [with long unsigned int no_streams = 1; touchgfx::Bitmap::BitmapFormat output_format = touchgfx::Bitmap::RGB888]	8	static
../../TouchGFX/Target/generated/DirectFrameBufferVideoController.hpp:282:18:void DirectFrameBufferVideoController<no_streams, output_format>::getVideoInformation(touchgfx::VideoController::Handle, touchgfx::VideoInformation*) [with long unsigned int no_streams = 1; touchgfx::Bitmap::BitmapFormat output_format = touchgfx::Bitmap::RGB888]	8	static
../../TouchGFX/Target/generated/DirectFrameBufferVideoController.hpp:274:22:uint32_t DirectFrameBufferVideoController<no_streams, output_format>::getCurrentFrameNumber(touchgfx::VideoController::Handle) [with long unsigned int no_streams = 1; touchgfx::Bitmap::BitmapFormat output_format = touchgfx::Bitmap::RGB888]	8	static
../../TouchGFX/Target/generated/DirectFrameBufferVideoController.hpp:108:18:void DirectFrameBufferVideoController<no_streams, output_format>::setCommand(touchgfx::VideoController::Handle, touchgfx::VideoController::Command, uint32_t) [with long unsigned int no_streams = 1; touchgfx::Bitmap::BitmapFormat output_format = touchgfx::Bitmap::RGB888]	16	static
../../TouchGFX/Target/generated/DirectFrameBufferVideoController.hpp:92:18:void DirectFrameBufferVideoController<no_streams, output_format>::setVideoData(touchgfx::VideoController::Handle, touchgfx::VideoDataReader&) [with long unsigned int no_streams = 1; touchgfx::Bitmap::BitmapFormat output_format = touchgfx::Bitmap::RGB888]	16	static
../../TouchGFX/Target/generated/DirectFrameBufferVideoController.hpp:76:18:void DirectFrameBufferVideoController<no_streams, output_format>::setVideoData(touchgfx::VideoController::Handle, const uint8_t*, uint32_t) [with long unsigned int no_streams = 1; touchgfx::Bitmap::BitmapFormat output_format = touchgfx::Bitmap::RGB888]	16	static
../../TouchGFX/Target/generated/DirectFrameBufferVideoController.hpp:62:18:void DirectFrameBufferVideoController<no_streams, output_format>::setFrameRate(touchgfx::VideoController::Handle, uint32_t, uint32_t) [with long unsigned int no_streams = 1; touchgfx::Bitmap::BitmapFormat output_format = touchgfx::Bitmap::RGB888]	8	static
../../TouchGFX/Target/generated/DirectFrameBufferVideoController.hpp:231:18:void DirectFrameBufferVideoController<no_streams, output_format>::draw(touchgfx::VideoController::Handle, const touchgfx::Rect&, const touchgfx::VideoWidget&) [with long unsigned int no_streams = 1; touchgfx::Bitmap::BitmapFormat output_format = touchgfx::Bitmap::RGB888]	32	static
../../TouchGFX/Target/generated/DirectFrameBufferVideoController.hpp:43:20:touchgfx::VideoController::Handle DirectFrameBufferVideoController<no_streams, output_format>::registerVideoWidget(touchgfx::VideoWidget&) [with long unsigned int no_streams = 1; touchgfx::Bitmap::BitmapFormat output_format = touchgfx::Bitmap::RGB888]	8	static
../../Middlewares/ST/touchgfx/framework/include/touchgfx/hal/HAL.hpp:320:28:virtual touchgfx::BlitOperations touchgfx::HAL::getBlitCaps()	0	static
C:/TouchGFXProjects/MyApplication_3/TouchGFX/Target/generated/TouchGFXGeneratedHAL.cpp:98:6:virtual void TouchGFXGeneratedHAL::disableInterrupts()	0	static,ignoring_inline_asm
C:/TouchGFXProjects/MyApplication_3/TouchGFX/Target/generated/TouchGFXGeneratedHAL.cpp:91:6:virtual void TouchGFXGeneratedHAL::enableInterrupts()	0	static,ignoring_inline_asm
C:/TouchGFXProjects/MyApplication_3/TouchGFX/Target/generated/TouchGFXGeneratedHAL.cpp:38:18:static touchgfx::VideoController& touchgfx::VideoController::getInstance()	0	static
C:/TouchGFXProjects/MyApplication_3/TouchGFX/Target/generated/TouchGFXGeneratedHAL.cpp:45:17:static touchgfx::VectorRenderer* touchgfx::VectorRenderer::getInstance()	8	static,ignoring_inline_asm
C:/TouchGFXProjects/MyApplication_3/TouchGFX/Target/generated/TouchGFXGeneratedHAL.cpp:151:10:void HAL_LTDC_LineEventCallback(LTDC_HandleTypeDef*)	8	static
C:/TouchGFXProjects/MyApplication_3/TouchGFX/Target/generated/TouchGFXGeneratedHAL.cpp:181:1:cpp)	8	static
