C:/TouchGFXProjects/MyApplication_3/Drivers/BSP/STM32U5x9J-DK/stm32u5x9j_discovery_ospi.c:1353:16:OSPI_NOR_EnterSOPIMode.constprop	32	static
C:/TouchGFXProjects/MyApplication_3/Drivers/BSP/STM32U5x9J-DK/stm32u5x9j_discovery_ospi.c:1279:16:OSPI_NOR_EnterDOPIMode.constprop	32	static
C:/TouchGFXProjects/MyApplication_3/Drivers/BSP/STM32U5x9J-DK/stm32u5x9j_discovery_ospi.c:270:26:MX_OSPI_NOR_Init	0	static
C:/TouchGFXProjects/MyApplication_3/Drivers/BSP/STM32U5x9J-DK/stm32u5x9j_discovery_ospi.c:383:9:BSP_OSPI_NOR_Read	32	static
C:/TouchGFXProjects/MyApplication_3/Drivers/BSP/STM32U5x9J-DK/stm32u5x9j_discovery_ospi.c:431:9:BSP_OSPI_NOR_Write	40	static
C:/TouchGFXProjects/MyApplication_3/Drivers/BSP/STM32U5x9J-DK/stm32u5x9j_discovery_ospi.c:528:9:BSP_OSPI_NOR_Erase_Block	24	static
C:/TouchGFXProjects/MyApplication_3/Drivers/BSP/STM32U5x9J-DK/stm32u5x9j_discovery_ospi.c:571:9:BSP_OSPI_NOR_Erase_Chip	8	static
C:/TouchGFXProjects/MyApplication_3/Drivers/BSP/STM32U5x9J-DK/stm32u5x9j_discovery_ospi.c:613:9:BSP_OSPI_NOR_GetStatus	16	static
C:/TouchGFXProjects/MyApplication_3/Drivers/BSP/STM32U5x9J-DK/stm32u5x9j_discovery_ospi.c:663:9:BSP_OSPI_NOR_GetInfo	8	static
C:/TouchGFXProjects/MyApplication_3/Drivers/BSP/STM32U5x9J-DK/stm32u5x9j_discovery_ospi.c:686:9:BSP_OSPI_NOR_EnableMemoryMappedMode	8	static
C:/TouchGFXProjects/MyApplication_3/Drivers/BSP/STM32U5x9J-DK/stm32u5x9j_discovery_ospi.c:733:9:BSP_OSPI_NOR_DisableMemoryMappedMode	16	static
C:/TouchGFXProjects/MyApplication_3/Drivers/BSP/STM32U5x9J-DK/stm32u5x9j_discovery_ospi.c:220:9:BSP_OSPI_NOR_DeInit	8	static
C:/TouchGFXProjects/MyApplication_3/Drivers/BSP/STM32U5x9J-DK/stm32u5x9j_discovery_ospi.c:786:9:BSP_OSPI_NOR_ReadID	8	static
C:/TouchGFXProjects/MyApplication_3/Drivers/BSP/STM32U5x9J-DK/stm32u5x9j_discovery_ospi.c:818:9:BSP_OSPI_NOR_ConfigFlash	40	static
C:/TouchGFXProjects/MyApplication_3/Drivers/BSP/STM32U5x9J-DK/stm32u5x9j_discovery_ospi.c:136:9:BSP_OSPI_NOR_Init	152	static,ignoring_inline_asm
C:/TouchGFXProjects/MyApplication_3/Drivers/BSP/STM32U5x9J-DK/stm32u5x9j_discovery_ospi.c:900:9:BSP_OSPI_NOR_SuspendErase	8	static
C:/TouchGFXProjects/MyApplication_3/Drivers/BSP/STM32U5x9J-DK/stm32u5x9j_discovery_ospi.c:937:9:BSP_OSPI_NOR_ResumeErase	8	static
C:/TouchGFXProjects/MyApplication_3/Drivers/BSP/STM32U5x9J-DK/stm32u5x9j_discovery_ospi.c:979:9:BSP_OSPI_NOR_EnterDeepPowerDown	8	static
C:/TouchGFXProjects/MyApplication_3/Drivers/BSP/STM32U5x9J-DK/stm32u5x9j_discovery_ospi.c:1009:9:BSP_OSPI_NOR_LeaveDeepPowerDown	8	static
