C:/TouchGFXProjects/MyApplication_3/Drivers/BSP/STM32U5x9J-DK/stm32u5x9j_discovery_hspi.c:264:26:MX_HSPI_RAM_Init	16	static
C:/TouchGFXProjects/MyApplication_3/Drivers/BSP/STM32U5x9J-DK/stm32u5x9j_discovery_hspi.c:376:9:BSP_HSPI_RAM_Read	32	static
C:/TouchGFXProjects/MyApplication_3/Drivers/BSP/STM32U5x9J-DK/stm32u5x9j_discovery_hspi.c:414:9:BSP_HSPI_RAM_Read_DMA	32	static
C:/TouchGFXProjects/MyApplication_3/Drivers/BSP/STM32U5x9J-DK/stm32u5x9j_discovery_hspi.c:451:9:BSP_HSPI_RAM_Write	32	static
C:/TouchGFXProjects/MyApplication_3/Drivers/BSP/STM32U5x9J-DK/stm32u5x9j_discovery_hspi.c:488:9:BSP_HSPI_RAM_Write_DMA	32	static
C:/TouchGFXProjects/MyApplication_3/Drivers/BSP/STM32U5x9J-DK/stm32u5x9j_discovery_hspi.c:521:9:BSP_HSPI_RAM_EnableMemoryMappedMode	16	static
C:/TouchGFXProjects/MyApplication_3/Drivers/BSP/STM32U5x9J-DK/stm32u5x9j_discovery_hspi.c:557:9:BSP_HSPI_RAM_DisableMemoryMappedMode	16	static
C:/TouchGFXProjects/MyApplication_3/Drivers/BSP/STM32U5x9J-DK/stm32u5x9j_discovery_hspi.c:209:9:BSP_HSPI_RAM_DeInit	24	static
C:/TouchGFXProjects/MyApplication_3/Drivers/BSP/STM32U5x9J-DK/stm32u5x9j_discovery_hspi.c:613:9:BSP_HSPI_RAM_Config16BitsOctalRAM	32	static
C:/TouchGFXProjects/MyApplication_3/Drivers/BSP/STM32U5x9J-DK/stm32u5x9j_discovery_hspi.c:139:9:BSP_HSPI_RAM_Init	168	static,ignoring_inline_asm
C:/TouchGFXProjects/MyApplication_3/Drivers/BSP/STM32U5x9J-DK/stm32u5x9j_discovery_hspi.c:782:9:BSP_HSPI_RAM_EnterDeepPowerDown	8	static
C:/TouchGFXProjects/MyApplication_3/Drivers/BSP/STM32U5x9J-DK/stm32u5x9j_discovery_hspi.c:812:9:BSP_HSPI_RAM_LeaveDeepPowerDown	8	static
C:/TouchGFXProjects/MyApplication_3/Drivers/BSP/STM32U5x9J-DK/stm32u5x9j_discovery_hspi.c:842:6:BSP_HSPI_RAM_DMA_IRQHandler	8	static
C:/TouchGFXProjects/MyApplication_3/Drivers/BSP/STM32U5x9J-DK/stm32u5x9j_discovery_hspi.c:853:6:BSP_HSPI_RAM_IRQHandler	0	static
