C:/TouchGFXProjects/MyApplication_3/Core/Src/app_freertos.c:170:6:StartDefaultTask	8	static
C:/TouchGFXProjects/MyApplication_3/Core/Src/app_freertos.c:184:6:LVGLTimer	8	static
C:/TouchGFXProjects/MyApplication_3/Core/Src/app_freertos.c:193:6:LVGLTick	8	static
C:/TouchGFXProjects/MyApplication_3/Core/Src/app_freertos.c:85:6:vApplicationMallocFailedHook	0	static
C:/TouchGFXProjects/MyApplication_3/Core/Src/app_freertos.c:101:6:vApplicationIdleHook	0	static
C:/TouchGFXProjects/MyApplication_3/Core/Src/app_freertos.c:116:6:vApplicationStackOverflowHook	0	static
C:/TouchGFXProjects/MyApplication_3/Core/Src/app_freertos.c:129:6:MX_FREERTOS_Init	8	static
