C:/TouchGFXProjects/MyApplication_3/Core/Src/main.c:173:13:disp_flush	1
C:/TouchGFXProjects/MyApplication_3/Core/Src/main.c:196:1:disp_flush_complete	1
C:/TouchGFXProjects/MyApplication_3/Core/Src/main.c:545:13:MX_DSIHOST_DSI_Init	9
C:/TouchGFXProjects/MyApplication_3/Core/Src/main.c:845:13:MX_LTDC_Init	31
C:/TouchGFXProjects/MyApplication_3/Core/Src/main.c:136:1:lvgl_display_init	1
C:/TouchGFXProjects/MyApplication_3/Core/Src/main.c:297:6:SystemClock_Config	4
C:/TouchGFXProjects/MyApplication_3/Core/Src/main.c:352:6:PeriphCommonClock_Config	2
C:/TouchGFXProjects/MyApplication_3/Core/Src/main.c:206:5:main	21
C:/TouchGFXProjects/MyApplication_3/Core/Src/main.c:1333:6:HAL_TIM_PeriodElapsedCallback	2
C:/TouchGFXProjects/MyApplication_3/Core/Src/main.c:1350:6:Error_Handler	1
