../../Middlewares/ST/touchgfx/framework/include/touchgfx/Screen.hpp:104:18:virtual void touchgfx::Screen::afterTransition()	0	static
../../Middlewares/ST/touchgfx/framework/include/touchgfx/Screen.hpp:115:18:virtual void touchgfx::Screen::tearDownScreen()	0	static
../../Middlewares/ST/touchgfx/framework/include/touchgfx/Screen.hpp:154:18:virtual void touchgfx::Screen::handleKeyEvent(uint8_t)	0	static
../../TouchGFX/generated/gui_generated/include/gui_generated/compass_screen/CompassViewBase.hpp:26:18:virtual void CompassViewBase::goToMain()	0	static
C:/TouchGFXProjects/MyApplication_3/TouchGFX/gui/src/compass_screen/CompassView.cpp:79:6:virtual void CompassView::handleGestureEvent(const touchgfx::GestureEvent&)	0	static
C:/TouchGFXProjects/MyApplication_3/TouchGFX/gui/src/compass_screen/CompassView.cpp:51:6:virtual void CompassView::handleDragEvent(const touchgfx::DragEvent&)	48	static
../../TouchGFX/gui/include/gui/compass_screen/CompassView.hpp:22:13:CompassView::~CompassView()	16	static
../../TouchGFX/gui/include/gui/compass_screen/CompassView.hpp:22:13:virtual CompassView::~CompassView()	8	static
C:\ST\STM32CubeIDE_1.16.0\STM32CubeIDE\plugins\com.st.stm32cube.ide.mcu.externaltools.gnu-tools-for-stm32.12.3.rel1.win32_1.0.200.202406191623\tools\arm-none-eabi\include\c++\12.3.1\bits\basic_string.h:642:7:std::__cxx11::basic_string<_CharT, _Traits, _Alloc>::basic_string(const _CharT*, const _Alloc&) [with _CharT = char; _Traits = std::char_traits<char>; _Alloc = std::allocator<char>]	24	static
C:/TouchGFXProjects/MyApplication_3/TouchGFX/gui/src/compass_screen/CompassView.cpp:26:9:int32_t CompassView::computeRangeIndex(float)	0	static
C:/TouchGFXProjects/MyApplication_3/TouchGFX/gui/src/compass_screen/CompassView.cpp:31:1:CompassView::CompassView()	16	static
C:/TouchGFXProjects/MyApplication_3/TouchGFX/gui/src/compass_screen/CompassView.cpp:138:6:bool CompassView::Wheel::update(float)	0	static
C:/TouchGFXProjects/MyApplication_3/TouchGFX/gui/src/compass_screen/CompassView.cpp:93:6:void CompassView::updateView()	16	static
C:/TouchGFXProjects/MyApplication_3/TouchGFX/gui/src/compass_screen/CompassView.cpp:43:6:virtual void CompassView::setupScreen()	8	static
C:/TouchGFXProjects/MyApplication_3/TouchGFX/gui/src/compass_screen/CompassView.cpp:86:6:virtual void CompassView::handleTickEvent()	8	static
