../../Middlewares/ST/touchgfx/framework/include/touchgfx/Screen.hpp:154:18:virtual void touchgfx::Screen::handleKeyEvent(uint8_t)	0	static
../../TouchGFX/generated/gui_generated/include/gui_generated/intro_screen/IntroViewBase.hpp:28:18:virtual void IntroViewBase::goToMain()	0	static
C:/TouchGFXProjects/MyApplication_3/TouchGFX/gui/src/intro_screen/IntroView.cpp:30:6:virtual void IntroView::tearDownScreen()	0	static
../../TouchGFX/gui/include/gui/intro_screen/IntroView.hpp:11:13:IntroView::~IntroView()	8	static
../../TouchGFX/gui/include/gui/intro_screen/IntroView.hpp:11:13:virtual IntroView::~IntroView()	8	static
../../Middlewares/ST/touchgfx/framework/include/touchgfx/widgets/TextureMapper.hpp:216:18:virtual void touchgfx::TextureMapper::updateZAngle(float)	0	static
../../Middlewares/ST/touchgfx/framework/include/touchgfx/widgets/TextureMapper.hpp:612:18:virtual void touchgfx::TextureMapper::invalidateContent() const	16	static
C:/TouchGFXProjects/MyApplication_3/TouchGFX/gui/src/intro_screen/IntroView.cpp:8:1:IntroView::IntroView()	8	static
C:/TouchGFXProjects/MyApplication_3/TouchGFX/gui/src/intro_screen/IntroView.cpp:318:7:float IntroView::floatEaseOut(float, float, float, float)	0	static
C:/TouchGFXProjects/MyApplication_3/TouchGFX/gui/src/intro_screen/IntroView.cpp:328:7:float IntroView::floatBackEaseOut(float, float, float, float)	0	static
C:/TouchGFXProjects/MyApplication_3/TouchGFX/gui/src/intro_screen/IntroView.cpp:23:6:virtual void IntroView::setupScreen()	8	static
C:/TouchGFXProjects/MyApplication_3/TouchGFX/gui/src/intro_screen/IntroView.cpp:35:6:virtual void IntroView::handleTickEvent()	40	static
C:/TouchGFXProjects/MyApplication_3/TouchGFX/gui/src/intro_screen/IntroView.cpp:282:6:virtual void IntroView::screenIsEntered()	40	static
