../../TouchGFX/gui/include/gui/intro_screen/IntroPresenter.hpp:28:13:IntroPresenter::~IntroPresenter()	0	static
C:/TouchGFXProjects/MyApplication_3/TouchGFX/gui/src/intro_screen/IntroPresenter.cpp:10:6:virtual void IntroPresenter::activate()	0	static
../../TouchGFX/gui/include/gui/intro_screen/IntroPresenter.hpp:28:13:virtual IntroPresenter::~IntroPresenter()	8	static
../../TouchGFX/gui/include/gui/intro_screen/IntroPresenter.hpp:28:13:virtual void* IntroPresenter::_ZThn4_N14IntroPresenterD1Ev()	0	static
C:/TouchGFXProjects/MyApplication_3/TouchGFX/gui/src/intro_screen/IntroPresenter.cpp:4:1:IntroPresenter::IntroPresenter(IntroView&)	0	static
