../../Middlewares/ST/touchgfx/framework/include/touchgfx/Drawable.hpp:315:18:virtual void touchgfx::Drawable::setX(int16_t)	0	static
../../Middlewares/ST/touchgfx/framework/include/touchgfx/Drawable.hpp:327:18:virtual void touchgfx::Drawable::setY(int16_t)	0	static
../../Middlewares/ST/touchgfx/framework/include/touchgfx/Drawable.hpp:356:18:virtual void touchgfx::Drawable::setWidth(int16_t)	0	static
../../Middlewares/ST/touchgfx/framework/include/touchgfx/Drawable.hpp:368:18:virtual void touchgfx::Drawable::setHeight(int16_t)	0	static
../../Middlewares/ST/touchgfx/framework/include/touchgfx/Drawable.hpp:378:18:virtual void touchgfx::Drawable::childGeometryChanged()	0	static
../../Middlewares/ST/touchgfx/framework/include/touchgfx/Drawable.hpp:389:18:virtual void touchgfx::Drawable::handleClickEvent(const touchgfx::ClickEvent&)	0	static
../../Middlewares/ST/touchgfx/framework/include/touchgfx/Drawable.hpp:401:18:virtual void touchgfx::Drawable::handleGestureEvent(const touchgfx::GestureEvent&)	0	static
../../Middlewares/ST/touchgfx/framework/include/touchgfx/Drawable.hpp:490:18:virtual void touchgfx::Drawable::handleDragEvent(const touchgfx::DragEvent&)	0	static
../../Middlewares/ST/touchgfx/framework/include/touchgfx/Drawable.hpp:501:18:virtual void touchgfx::Drawable::handleTickEvent()	0	static
../../Middlewares/ST/touchgfx/framework/include/touchgfx/Drawable.hpp:588:18:virtual void touchgfx::Drawable::moveTo(int16_t, int16_t)	4	static
../../Middlewares/ST/touchgfx/framework/include/touchgfx/containers/Container.hpp:165:23:virtual touchgfx::Drawable* touchgfx::Container::getFirstChild()	0	static
C:/TouchGFXProjects/MyApplication_3/TouchGFX/gui/src/containers/MainWheelIcon.cpp:35:6:virtual void MainWheelIcon::setAlpha(uint8_t)	0	static
C:/TouchGFXProjects/MyApplication_3/TouchGFX/gui/src/containers/MainWheelIcon.cpp:40:9:virtual uint8_t MainWheelIcon::getAlpha()	0	static
../../TouchGFX/gui/include/gui/containers/MainWheelIcon.hpp:10:13:MainWheelIcon::~MainWheelIcon()	8	static
../../TouchGFX/gui/include/gui/containers/MainWheelIcon.hpp:10:13:virtual MainWheelIcon::~MainWheelIcon()	8	static
../../Middlewares/ST/touchgfx/framework/include/touchgfx/Drawable.hpp:121:18:virtual void touchgfx::Drawable::invalidateContent() const	0	static
C:/TouchGFXProjects/MyApplication_3/TouchGFX/gui/src/containers/MainWheelIcon.cpp:4:1:MainWheelIcon::MainWheelIcon()	8	static
C:/TouchGFXProjects/MyApplication_3/TouchGFX/gui/src/containers/MainWheelIcon.cpp:14:6:void MainWheelIcon::invalidateWheelContent()	16	static
C:/TouchGFXProjects/MyApplication_3/TouchGFX/gui/src/containers/MainWheelIcon.cpp:24:7:float MainWheelIcon::getIconScale()	0	static
C:/TouchGFXProjects/MyApplication_3/TouchGFX/gui/src/containers/MainWheelIcon.cpp:9:6:virtual void MainWheelIcon::initialize()	0	static
C:/TouchGFXProjects/MyApplication_3/TouchGFX/gui/src/containers/MainWheelIcon.cpp:19:6:void MainWheelIcon::setIconScale(float)	0	static
C:/TouchGFXProjects/MyApplication_3/TouchGFX/gui/src/containers/MainWheelIcon.cpp:29:6:void MainWheelIcon::setIcon(uint16_t)	16	static
C:/TouchGFXProjects/MyApplication_3/TouchGFX/gui/src/containers/MainWheelIcon.cpp:45:6:void MainWheelIcon::updateZAngle(float)	0	static
