../../Middlewares/ST/touchgfx/framework/include/touchgfx/Screen.hpp:104:18:virtual void touchgfx::Screen::afterTransition()	0	static
../../Middlewares/ST/touchgfx/framework/include/touchgfx/Screen.hpp:115:18:virtual void touchgfx::Screen::tearDownScreen()	0	static
../../Middlewares/ST/touchgfx/framework/include/touchgfx/Screen.hpp:154:18:virtual void touchgfx::Screen::handleKeyEvent(uint8_t)	0	static
../../TouchGFX/generated/gui_generated/include/gui_generated/thermostat_screen/ThermostatViewBase.hpp:28:18:virtual void ThermostatViewBase::goToMain()	0	static
C:/TouchGFXProjects/MyApplication_3/TouchGFX/gui/src/thermostat_screen/ThermostatView.cpp:240:6:virtual void ThermostatView::selectCelsius()	0	static
C:/TouchGFXProjects/MyApplication_3/TouchGFX/gui/src/thermostat_screen/ThermostatView.cpp:247:6:virtual void ThermostatView::selectFahrenheit()	0	static
../../TouchGFX/gui/include/gui/thermostat_screen/ThermostatView.hpp:34:7:ThermostatView::~ThermostatView()	16	static
../../TouchGFX/gui/include/gui/thermostat_screen/ThermostatView.hpp:34:7:virtual ThermostatView::~ThermostatView()	8	static
../../Middlewares/ST/touchgfx/framework/include/touchgfx/widgets/TextureMapper.hpp:160:18:virtual void touchgfx::TextureMapper::setZAngle(float)	0	static
../../Middlewares/ST/touchgfx/framework/include/touchgfx/widgets/TextureMapper.hpp:612:18:virtual void touchgfx::TextureMapper::invalidateContent() const	16	static
C:/TouchGFXProjects/MyApplication_3/TouchGFX/gui/src/thermostat_screen/ThermostatView.cpp:44:6:void clamp(float&, float, float)	0	static
C:/TouchGFXProjects/MyApplication_3/TouchGFX/gui/src/thermostat_screen/ThermostatView.cpp:57:7:float angleToTemperature(float)	0	static
C:/TouchGFXProjects/MyApplication_3/TouchGFX/gui/src/thermostat_screen/ThermostatView.cpp:63:7:float celsiusToFahrenheit(float)	0	static
C:/TouchGFXProjects/MyApplication_3/TouchGFX/gui/src/thermostat_screen/ThermostatView.cpp:69:11:touchgfx::colortype ThermostatView::backgroundColor(float)	0	static
C:/TouchGFXProjects/MyApplication_3/TouchGFX/gui/src/thermostat_screen/ThermostatView.cpp:132:6:void ThermostatView::updateFan()	8	static
C:/TouchGFXProjects/MyApplication_3/TouchGFX/gui/src/thermostat_screen/ThermostatView.cpp:254:6:bool Fan::update(float)	0	static
C:/TouchGFXProjects/MyApplication_3/TouchGFX/gui/src/thermostat_screen/ThermostatView.cpp:271:6:bool Thermostat::update(float)	0	static
C:/TouchGFXProjects/MyApplication_3/TouchGFX/gui/src/thermostat_screen/ThermostatView.cpp:151:6:void ThermostatView::update()	32	static
C:/TouchGFXProjects/MyApplication_3/TouchGFX/gui/src/thermostat_screen/ThermostatView.cpp:125:6:virtual void ThermostatView::handleTickEvent()	8	static
C:/TouchGFXProjects/MyApplication_3/TouchGFX/gui/src/thermostat_screen/ThermostatView.cpp:284:6:void ThermostatView::updateLines()	80	static
C:/TouchGFXProjects/MyApplication_3/TouchGFX/gui/src/thermostat_screen/ThermostatView.cpp:77:6:virtual void ThermostatView::handleDragEvent(const touchgfx::DragEvent&)	48	static
C:/TouchGFXProjects/MyApplication_3/TouchGFX/gui/src/thermostat_screen/ThermostatView.cpp:202:6:virtual void ThermostatView::setupScreen()	32	static
