../../Middlewares/ST/touchgfx/framework/include/touchgfx/Drawable.hpp:315:18:virtual void touchgfx::Drawable::setX(int16_t)	0	static
../../Middlewares/ST/touchgfx/framework/include/touchgfx/Drawable.hpp:327:18:virtual void touchgfx::Drawable::setY(int16_t)	0	static
../../Middlewares/ST/touchgfx/framework/include/touchgfx/Drawable.hpp:356:18:virtual void touchgfx::Drawable::setWidth(int16_t)	0	static
../../Middlewares/ST/touchgfx/framework/include/touchgfx/Drawable.hpp:368:18:virtual void touchgfx::Drawable::setHeight(int16_t)	0	static
../../Middlewares/ST/touchgfx/framework/include/touchgfx/Drawable.hpp:378:18:virtual void touchgfx::Drawable::childGeometryChanged()	0	static
../../Middlewares/ST/touchgfx/framework/include/touchgfx/Drawable.hpp:389:18:virtual void touchgfx::Drawable::handleClickEvent(const touchgfx::ClickEvent&)	0	static
../../Middlewares/ST/touchgfx/framework/include/touchgfx/Drawable.hpp:401:18:virtual void touchgfx::Drawable::handleGestureEvent(const touchgfx::GestureEvent&)	0	static
../../Middlewares/ST/touchgfx/framework/include/touchgfx/Drawable.hpp:490:18:virtual void touchgfx::Drawable::handleDragEvent(const touchgfx::DragEvent&)	0	static
../../Middlewares/ST/touchgfx/framework/include/touchgfx/Drawable.hpp:588:18:virtual void touchgfx::Drawable::moveTo(int16_t, int16_t)	4	static
../../Middlewares/ST/touchgfx/framework/include/touchgfx/containers/Container.hpp:165:23:virtual touchgfx::Drawable* touchgfx::Container::getFirstChild()	0	static
../../Middlewares/ST/touchgfx/framework/include/touchgfx/Screen.hpp:154:18:virtual void touchgfx::Screen::handleKeyEvent(uint8_t)	0	static
../../Middlewares/ST/touchgfx/framework/include/touchgfx/containers/clock/AnalogClock.hpp:174:22:virtual uint16_t touchgfx::AnalogClock::getAnimationDuration()	0	static
../../TouchGFX/generated/gui_generated/include/gui_generated/watch_screen/WatchViewBase.hpp:27:18:virtual void WatchViewBase::goToMain()	0	static
C:/TouchGFXProjects/MyApplication_3/TouchGFX/gui/src/watch_screen/WatchView.cpp:40:6:virtual void WatchView::tearDownScreen()	0	static
C:/TouchGFXProjects/MyApplication_3/TouchGFX/gui/src/watch_screen/WatchView.cpp:139:6:virtual void WatchView::startIntroAnimation()	0	static
../../Middlewares/ST/touchgfx/framework/include/touchgfx/mixins/FadeAnimator.hpp:84:18:void touchgfx::FadeAnimator<T>::setFadeAnimationDelay(uint16_t) [with T = touchgfx::AnalogClockExtended]	0	static
../../Middlewares/ST/touchgfx/framework/include/touchgfx/mixins/FadeAnimator.hpp:96:22:uint16_t touchgfx::FadeAnimator<T>::getFadeAnimationDelay() const [with T = touchgfx::AnalogClockExtended]	0	static
../../Middlewares/ST/touchgfx/framework/include/touchgfx/mixins/FadeAnimator.hpp:41:7:touchgfx::FadeAnimator<touchgfx::AnalogClockExtended>::~FadeAnimator()	8	static
../../Middlewares/ST/touchgfx/framework/include/touchgfx/mixins/FadeAnimator.hpp:41:7:virtual touchgfx::FadeAnimator<touchgfx::AnalogClockExtended>::~FadeAnimator()	8	static
../../TouchGFX/gui/include/gui/watch_screen/WatchView.hpp:18:13:WatchView::~WatchView()	8	static
../../TouchGFX/gui/include/gui/watch_screen/WatchView.hpp:18:13:virtual WatchView::~WatchView()	8	static
../../Middlewares/ST/touchgfx/framework/include/touchgfx/containers/clock/AnalogClock.hpp:219:18:virtual void touchgfx::AnalogClock::invalidateContent() const	8	static
C:/TouchGFXProjects/MyApplication_3/TouchGFX/gui/src/watch_screen/WatchView.cpp:15:1:WatchView::WatchView()	8	static
../../Middlewares/ST/touchgfx/framework/include/touchgfx/mixins/FadeAnimator.hpp:165:10:void touchgfx::FadeAnimator<T>::nextFadeAnimationStep() [with T = touchgfx::AnalogClockExtended]	16	static
../../Middlewares/ST/touchgfx/framework/include/touchgfx/mixins/FadeAnimator.hpp:157:18:void touchgfx::FadeAnimator<T>::handleTickEvent() [with T = touchgfx::AnalogClockExtended]	8	static
C:/TouchGFXProjects/MyApplication_3/TouchGFX/gui/src/watch_screen/WatchView.cpp:20:6:virtual void WatchView::setupScreen()	16	static
C:/TouchGFXProjects/MyApplication_3/TouchGFX/gui/src/watch_screen/WatchView.cpp:45:6:virtual void WatchView::handleTickEvent()	24	static
